2025-01-25 12:34:41,379 - INFO - Starting scan for target: http://testphp.vulnweb.com/
2025-01-25 12:34:41,380 - INFO - Scan mode: full
SQL Scan Result: {'status': 'critical', 'output': 'Unexpected error: stdout and stderr arguments may not be used with capture_output.'}
XSS Scan Result: {'status': 'critical', 'output': 'Unexpected error: stdout and stderr arguments may not be used with capture_output.'}
2025-01-25 12:34:47,456 - ERROR - Scan failed: [WinError 2] The system cannot find the file specified
2025-01-25 12:34:47,461 - ERROR - Traceback (most recent call last):
  File "C:\Users\omarz\GRAD-PROJECT-2024-25\GRAD-PROJECT-2024-25\pento\tools\views.py", line 838, in run_scan
    results['ssl_certificate'] = check_ssl_certificate(target)
                                 ^^^^^^^^^^^^^^^^^^^^^^^^^^^^^
  File "C:\Users\omarz\GRAD-PROJECT-2024-25\GRAD-PROJECT-2024-25\pento\tools\views.py", line 906, in check_ssl_certificate
    output = subprocess.check_output(command, stderr=subprocess.STDOUT, text=True)
             ^^^^^^^^^^^^^^^^^^^^^^^^^^^^^^^^^^^^^^^^^^^^^^^^^^^^^^^^^^^^^^^^^^^^^
  File "C:\Python312\Lib\subprocess.py", line 466, in check_output
    return run(*popenargs, stdout=PIPE, timeout=timeout, check=True,
           ^^^^^^^^^^^^^^^^^^^^^^^^^^^^^^^^^^^^^^^^^^^^^^^^^^^^^^^^^
  File "C:\Python312\Lib\subprocess.py", line 548, in run
    with Popen(*popenargs, **kwargs) as process:
         ^^^^^^^^^^^^^^^^^^^^^^^^^^^
  File "C:\Python312\Lib\subprocess.py", line 1026, in __init__
    self._execute_child(args, executable, preexec_fn, close_fds,
  File "C:\Python312\Lib\subprocess.py", line 1538, in _execute_child
    hp, ht, pid, tid = _winapi.CreateProcess(executable, args,
                       ^^^^^^^^^^^^^^^^^^^^^^^^^^^^^^^^^^^^^^^
FileNotFoundError: [WinError 2] The system cannot find the file specified

2025-01-25 12:35:34,538 - INFO - Starting scan for target: http://testphp.vulnweb.com/
2025-01-25 12:35:34,539 - INFO - Scan mode: full
2025-01-25 12:35:40,236 - ERROR - Scan failed: [WinError 2] The system cannot find the file specified
2025-01-25 12:35:40,238 - ERROR - Traceback (most recent call last):
  File "C:\Users\omarz\GRAD-PROJECT-2024-25\GRAD-PROJECT-2024-25\pento\tools\views.py", line 838, in run_scan
    results['ssl_certificate'] = check_ssl_certificate(target)
                                 ^^^^^^^^^^^^^^^^^^^^^^^^^^^^^
  File "C:\Users\omarz\GRAD-PROJECT-2024-25\GRAD-PROJECT-2024-25\pento\tools\views.py", line 906, in check_ssl_certificate
    output = subprocess.check_output(command, stderr=subprocess.STDOUT, text=True)
             ^^^^^^^^^^^^^^^^^^^^^^^^^^^^^^^^^^^^^^^^^^^^^^^^^^^^^^^^^^^^^^^^^^^^^
  File "C:\Python312\Lib\subprocess.py", line 466, in check_output
    return run(*popenargs, stdout=PIPE, timeout=timeout, check=True,
           ^^^^^^^^^^^^^^^^^^^^^^^^^^^^^^^^^^^^^^^^^^^^^^^^^^^^^^^^^
  File "C:\Python312\Lib\subprocess.py", line 548, in run
    with Popen(*popenargs, **kwargs) as process:
         ^^^^^^^^^^^^^^^^^^^^^^^^^^^
  File "C:\Python312\Lib\subprocess.py", line 1026, in __init__
    self._execute_child(args, executable, preexec_fn, close_fds,
  File "C:\Python312\Lib\subprocess.py", line 1538, in _execute_child
    hp, ht, pid, tid = _winapi.CreateProcess(executable, args,
                       ^^^^^^^^^^^^^^^^^^^^^^^^^^^^^^^^^^^^^^^
FileNotFoundError: [WinError 2] The system cannot find the file specified

2025-01-25 12:37:43,054 - INFO - C:\Users\omarz\GRAD-PROJECT-2024-25\GRAD-PROJECT-2024-25\Pento\tools\views.py changed, reloading.
